// Jest Snapshot v1, https://goo.gl/fbAQLP

exports[`Pruebas en <MultipleCustomHooks /> debe mostrarse correctamente 1`] = `
<div>
  <h1>
     Breaking Bad 
  </h1>
  <hr />
  <div
    className="loader"
  >
     Loading.... 
  </div>
  <button
    onClick={[Function]}
  >
     Siguiente quote 
  </button>
</div>
`;
